../Core/Src/BMI088.c:24:13:BMI088_Accel_CS_Select	8	static
../Core/Src/BMI088.c:33:13:BMI088_Accel_CS_Deselect	8	static
../Core/Src/BMI088.c:42:13:BMI088_Gyro_CS_Select	8	static
../Core/Src/BMI088.c:51:13:BMI088_Gyro_CS_Deselect	8	static
../Core/Src/BMI088.c:61:13:BMI088_Accel_Write_Byte	16	static
../Core/Src/BMI088.c:73:16:BMI088_Accel_Read_Byte	24	static
../Core/Src/BMI088.c:91:26:BMI088_Accel_Read_Multi	24	static
../Core/Src/BMI088.c:107:13:BMI088_Gyro_Write_Byte	16	static
../Core/Src/BMI088.c:119:16:BMI088_Gyro_Read_Byte	24	static
../Core/Src/BMI088.c:136:26:BMI088_Gyro_Read_Multi	24	static
../Core/Src/BMI088.c:153:9:BMI088_Init	16	static
../Core/Src/BMI088.c:226:19:BMI088_Main	40	static
