../Core/Src/icm42688p.c:12:13:icm42688p_select	8	static
../Core/Src/icm42688p.c:17:13:icm42688p_deselect	8	static
../Core/Src/icm42688p.c:23:26:icm42688p_write_register	24	static
../Core/Src/icm42688p.c:42:16:icm42688p_read_register	24	static
../Core/Src/icm42688p.c:55:26:icm42688p_read_multiple_registers	32	static
../Core/Src/icm42688p.c:68:26:icm42688p_set_bank	16	static
../Core/Src/icm42688p.c:75:9:icm42688p_init	24	static
../Core/Src/icm42688p.c:141:9:icm42688p_read_who_am_i	16	static
../Core/Src/icm42688p.c:155:6:icm42688p_read_gyro_raw	24	static
../Core/Src/icm42688p.c:182:6:icm42688p_read_accel_raw	24	static
../Core/Src/icm42688p.c:218:6:ICM42688p_ConvertAccelRawToG	16	static
../Core/Src/icm42688p.c:229:6:ICM42688p_ConvertGyroRawToDPS	16	static
../Core/Src/icm42688p.c:234:6:ICM42688P_Main	32	static
