../Drivers/CMSIS/Include/core_cm7.h:2660:26:ITM_SendChar	16	static,ignoring_inline_asm
../Core/Src/main.c:77:5:main	16	static
../Core/Src/main.c:187:6:SystemClock_Config	120	static
../Core/Src/main.c:247:13:MX_I2C2_Init	8	static
../Core/Src/main.c:295:13:MX_SPI1_Init	8	static
../Core/Src/main.c:343:13:MX_SPI2_Init	8	static
../Core/Src/main.c:391:13:MX_GPIO_Init	56	static
../Core/Src/main.c:461:5:_write	32	static
../Core/Src/main.c:476:6:MPU_Config	24	static
../Core/Src/main.c:507:6:Error_Handler	4	static,ignoring_inline_asm
