../Drivers/CMSIS/Include/core_cm7.h:2660:26:ITM_SendChar	16	static,ignoring_inline_asm
../Core/Src/main.c:91:5:main	40	static
../Core/Src/main.c:286:6:SystemClock_Config	120	static
../Core/Src/main.c:346:13:MX_I2C2_Init	8	static
../Core/Src/main.c:394:13:MX_I2C4_Init	8	static
../Core/Src/main.c:442:13:MX_SPI1_Init	8	static
../Core/Src/main.c:490:13:MX_SPI2_Init	8	static
../Core/Src/main.c:538:13:MX_SPI3_Init	8	static
../Core/Src/main.c:586:13:MX_GPIO_Init	56	static
../Core/Src/main.c:669:5:_write	32	static
../Core/Src/main.c:684:6:MPU_Config	24	static
../Core/Src/main.c:715:6:Error_Handler	4	static,ignoring_inline_asm
